// Jest Snapshot v1, https://goo.gl/fbAQLP

exports[`PostComponent renders correctly 1`] = `
<div>
  <div
    className="modal-header"
  >
    <h4
      className="modal-title"
    />
  </div>
  <div
    className="modal-body"
  >
    <div
      className="row container"
    />
    <div
      className="row container modal-details"
    >
      <p>
         
        <b>
          Status:
        </b>
         
         
      </p>
      <p>
         
        <b>
          Age:
        </b>
         
         
      </p>
      <p>
         
        <b>
          Sex:
        </b>
         
         
      </p>
      <p>
         
        <b>
          Breed:
        </b>
         
         
      </p>
      <p>
         
        <b>
          Location:
        </b>
         
         , 
         
      </p>
      <p>
         
        <b>
          Email:
        </b>
         
         
      </p>
      <p>
         
        <b>
          Phone:
        </b>
         
         
      </p>
    </div>
    <div
      className="row container"
    />
  </div>
  <div
    className="modal-footer"
  >
    <button
      className="btn btn-outline-dark"
      onClick={[Function]}
      type="button"
    >
      Close
    </button>
  </div>
</div>
`;
