// Jest Snapshot v1, https://goo.gl/fbAQLP

exports[`PostComponent renders correctly 1`] = `
<div
  className="container row posts"
>
  <div
    className="col-lg-4 col-md-4 col-sm-4 col-xs-12"
  >
    <img
      alt="thumbnail"
      src={undefined}
    />
  </div>
  <div
    className="col-lg-8 col-md-8 col-sm-8 col-xs-12"
  >
    <div
      className="row"
    >
      <p
        className="name"
      />
    </div>
    <div
      className="row details"
    >
      <p>
         
        <b>
          Status:
        </b>
         
         
      </p>
      <p>
         
        <b>
          Age:
        </b>
         
         
      </p>
      <p>
         
        <b>
          Sex:
        </b>
         
         
      </p>
      <p>
         
        <b>
          Breed:
        </b>
         
         
      </p>
      <p>
         
        <b>
          Location:
        </b>
         
         , 
         
      </p>
      <button
        className="btn btn-lg btn-outline-dark modal-button"
        onClick={[Function]}
      >
        View
      </button>
    </div>
  </div>
</div>
`;
